../Core/Src/main.c:88:6:subscription_cmd_vel_callback	32	static
../Core/Src/main.c:111:6:HAL_GPIO_EXTI_Callback	16	static
../Core/Src/main.c:128:5:main	8	static
../Core/Src/main.c:214:6:SystemClock_Config	88	static
../Core/Src/main.c:260:13:MX_TIM3_Init	64	static
../Core/Src/main.c:331:13:MX_USART2_UART_Init	8	static
../Core/Src/main.c:362:13:MX_DMA_Init	16	static
../Core/Src/main.c:383:13:MX_GPIO_Init	48	static
../Core/Src/main.c:438:6:StartDefaultTask	368	static
../Core/Src/main.c:531:6:Error_Handler	4	static,ignoring_inline_asm
